\2020/09/14 00:45:44 /home/riku/work/udemy/golang/src/log.go:22: Exit open errfile: no such file or directory
